// Jest Snapshot v1, https://goo.gl/fbAQLP

exports[`renders correctly 1`] = `
<div
  className="sc-bwzfXH fNQkPj"
>
  <img
    alt="Welcome"
    className="sc-htpNat jBzAON"
    src="welcome.png"
  />
  <h2
    className="sc-bxivhb bxbhqb"
  >
    More Than An Idea Board
  </h2>
  <p
    className="sc-ifAKCX bbnWBz"
  >
    Clear visible mammer to brainstorm, create plans, manage projects and more.
  </p>
  <button
    className="sc-bdVaJa krSCzb"
    onClick={[Function]}
  >
    Add new idea
  </button>
  <div
    className="sc-gzVnrw dBkTsN"
  >
    Highlighted Feature List
  </div>
  <ul
    className="sc-EHOje cWxXhy"
  >
    <li
      className="sc-bZQynM gTilDZ"
    >
      Instant Add/Edit
    </li>
    <li
      className="sc-bZQynM gTilDZ"
    >
      Update Notifications
    </li>
    <li
      className="sc-bZQynM gTilDZ"
    >
      Permanent storage
    </li>
    <li
      className="sc-bZQynM gTilDZ"
    >
      Offline availablity
    </li>
    <li
      className="sc-bZQynM gTilDZ"
    >
      Multi facet sorting
    </li>
    <li
      className="sc-bZQynM gTilDZ"
    >
      Mobile Friendly
    </li>
  </ul>
</div>
`;
