// Jest Snapshot v1, https://goo.gl/fbAQLP

exports[`renders correctly 1`] = `
<div
  className="sc-kpOJdX gYdMXA"
>
  <div
    className="sc-jzJRlG jTGdR"
  >
    <svg>
      onboard.svg
    </svg>
    <h2
      className="sc-cSHVUG ikkymD"
    >
      More Than An Idea Board
    </h2>
    <p
      className="sc-kAzzGY gPKrSq"
    >
      Clear visible mammer to brainstorm, create plans, manage projects and more.
    </p>
    <ul
      className="sc-chPdSV bSOKLt"
    >
      <li
        className="sc-kgoBCf gWhxXm"
      >
        <span
          className="sc-kGXeez iSCrJL"
        >
          1
        </span>
        Instant Add/Edit
      </li>
      <li
        className="sc-kgoBCf gWhxXm"
      >
        <span
          className="sc-kGXeez iSCrJL"
        >
          2
        </span>
        Permanent storage
      </li>
      <li
        className="sc-kgoBCf gWhxXm"
      >
        <span
          className="sc-kGXeez iSCrJL"
        >
          3
        </span>
        Offline availablity
      </li>
      <li
        className="sc-kgoBCf gWhxXm"
      >
        <span
          className="sc-kGXeez iSCrJL"
        >
          4
        </span>
        Multi facet sorting
      </li>
      <li
        className="sc-kgoBCf gWhxXm"
      >
        <span
          className="sc-kGXeez iSCrJL"
        >
          5
        </span>
        Mobile Friendly
      </li>
    </ul>
    <button
      className="sc-VigVT hGPlZo"
      onClick={[Function]}
    >
      Add new idea
    </button>
  </div>
</div>
`;
