// Jest Snapshot v1, https://goo.gl/fbAQLP

exports[`renders correctly 1`] = `
<div
  className="sc-dxgOiQ fxKPQl"
>
  <div
    className="sc-jzJRlG jTGdR"
  >
    <img
      alt="Welcome"
      className="sc-cSHVUG Jeizk"
      src="welcome.png"
    />
    <h2
      className="sc-kAzzGY iOujjq"
    >
      More Than An Idea Board
    </h2>
    <p
      className="sc-chPdSV iftqCN"
    >
      Clear visible mammer to brainstorm, create plans, manage projects and more.
    </p>
    <button
      className="sc-VigVT hZJfLK"
      onClick={[Function]}
    >
      Add new idea
    </button>
    <div
      className="sc-kpOJdX jePtxa"
    >
      Highlighted Feature List
    </div>
    <ul
      className="sc-kgoBCf ecWeAn"
    >
      <li
        className="sc-kGXeez dOdpmF"
      >
        Instant Add/Edit
      </li>
      <li
        className="sc-kGXeez dOdpmF"
      >
        Update Notifications
      </li>
      <li
        className="sc-kGXeez dOdpmF"
      >
        Permanent storage
      </li>
      <li
        className="sc-kGXeez dOdpmF"
      >
        Offline availablity
      </li>
      <li
        className="sc-kGXeez dOdpmF"
      >
        Multi facet sorting
      </li>
      <li
        className="sc-kGXeez dOdpmF"
      >
        Mobile Friendly
      </li>
    </ul>
  </div>
</div>
`;
